Starting Playwright link checker...
Navigating to main page: http://localhost:3000
Main page loaded successfully (Status: 200)

Found 10 unique internal links to check:
- http://localhost:3000/
- http://localhost:3000/courses
- http://localhost:3000/notices
- http://localhost:3000/instructor
- http://localhost:3000/login
- http://localhost:3000/signup
- http://localhost:3000/inquiry
- http://localhost:3000/faq
- http://localhost:3000/terms
- http://localhost:3000/privacy

--- Checking links ---
[OK] http://localhost:3000/courses
[OK] http://localhost:3000/notices
[OK] http://localhost:3000/instructor
[OK] http://localhost:3000/login
[OK] http://localhost:3000/signup
node : [BROKEN] http://localhost:3000/inquiry
 : Status 404
At line:1 char:1
+ node check_links.js > test_output.txt 2>&1
+ ~~~~~~~~~~~~~~~~~~~~~~~~~~~~~~~~~~~~~~~~~~
    + CategoryInfo          : NotSpecified:  
   ([BROKEN] http:/...ry : Status 404:Strin  
  g) [], RemoteException
    + FullyQualifiedErrorId : NativeCommandE 
   rror
 
[BROKEN] http://localhost:3000/faq : Status 4
04
[BROKEN] http://localhost:3000/terms : Status
 404
[BROKEN] http://localhost:3000/privacy : Stat
us 404

--- Summary ---
Total Links Checked: 10
Working: 6
Broken/Errors: 4
